Archive member included to satisfy reference by file (symbol)

C:/ST/STM32CubeCLT_1.16.0/GNU-tools-for-STM32/bin/../lib/gcc/arm-none-eabi/12.3.1/../../../../arm-none-eabi/lib/thumb/v7e-m+fp/hard\libc.a(libc_a-exit.o)
                              C:/ST/STM32CubeCLT_1.16.0/GNU-tools-for-STM32/bin/../lib/gcc/arm-none-eabi/12.3.1/../../../../arm-none-eabi/lib/thumb/v7e-m+fp/hard/crt0.o (exit)
C:/ST/STM32CubeCLT_1.16.0/GNU-tools-for-STM32/bin/../lib/gcc/arm-none-eabi/12.3.1/../../../../arm-none-eabi/lib/thumb/v7e-m+fp/hard\libc.a(libc_a-findfp.o)
                              C:/ST/STM32CubeCLT_1.16.0/GNU-tools-for-STM32/bin/../lib/gcc/arm-none-eabi/12.3.1/../../../../arm-none-eabi/lib/thumb/v7e-m+fp/hard\libc.a(libc_a-exit.o) (__stdio_exit_handler)
C:/ST/STM32CubeCLT_1.16.0/GNU-tools-for-STM32/bin/../lib/gcc/arm-none-eabi/12.3.1/../../../../arm-none-eabi/lib/thumb/v7e-m+fp/hard\libc.a(libc_a-fwalk.o)
                              C:/ST/STM32CubeCLT_1.16.0/GNU-tools-for-STM32/bin/../lib/gcc/arm-none-eabi/12.3.1/../../../../arm-none-eabi/lib/thumb/v7e-m+fp/hard\libc.a(libc_a-findfp.o) (_fwalk_sglue)
C:/ST/STM32CubeCLT_1.16.0/GNU-tools-for-STM32/bin/../lib/gcc/arm-none-eabi/12.3.1/../../../../arm-none-eabi/lib/thumb/v7e-m+fp/hard\libc.a(libc_a-stdio.o)
                              C:/ST/STM32CubeCLT_1.16.0/GNU-tools-for-STM32/bin/../lib/gcc/arm-none-eabi/12.3.1/../../../../arm-none-eabi/lib/thumb/v7e-m+fp/hard\libc.a(libc_a-findfp.o) (__sread)
C:/ST/STM32CubeCLT_1.16.0/GNU-tools-for-STM32/bin/../lib/gcc/arm-none-eabi/12.3.1/../../../../arm-none-eabi/lib/thumb/v7e-m+fp/hard\libc.a(libc_a-memset.o)
                              C:/ST/STM32CubeCLT_1.16.0/GNU-tools-for-STM32/bin/../lib/gcc/arm-none-eabi/12.3.1/../../../../arm-none-eabi/lib/thumb/v7e-m+fp/hard/crt0.o (memset)
C:/ST/STM32CubeCLT_1.16.0/GNU-tools-for-STM32/bin/../lib/gcc/arm-none-eabi/12.3.1/../../../../arm-none-eabi/lib/thumb/v7e-m+fp/hard\libc.a(libc_a-closer.o)
                              C:/ST/STM32CubeCLT_1.16.0/GNU-tools-for-STM32/bin/../lib/gcc/arm-none-eabi/12.3.1/../../../../arm-none-eabi/lib/thumb/v7e-m+fp/hard\libc.a(libc_a-stdio.o) (_close_r)
C:/ST/STM32CubeCLT_1.16.0/GNU-tools-for-STM32/bin/../lib/gcc/arm-none-eabi/12.3.1/../../../../arm-none-eabi/lib/thumb/v7e-m+fp/hard\libc.a(libc_a-reent.o)
                              C:/ST/STM32CubeCLT_1.16.0/GNU-tools-for-STM32/bin/../lib/gcc/arm-none-eabi/12.3.1/../../../../arm-none-eabi/lib/thumb/v7e-m+fp/hard\libc.a(libc_a-closer.o) (errno)
C:/ST/STM32CubeCLT_1.16.0/GNU-tools-for-STM32/bin/../lib/gcc/arm-none-eabi/12.3.1/../../../../arm-none-eabi/lib/thumb/v7e-m+fp/hard\libc.a(libc_a-impure.o)
                              C:/ST/STM32CubeCLT_1.16.0/GNU-tools-for-STM32/bin/../lib/gcc/arm-none-eabi/12.3.1/../../../../arm-none-eabi/lib/thumb/v7e-m+fp/hard\libc.a(libc_a-reent.o) (_impure_ptr)
C:/ST/STM32CubeCLT_1.16.0/GNU-tools-for-STM32/bin/../lib/gcc/arm-none-eabi/12.3.1/../../../../arm-none-eabi/lib/thumb/v7e-m+fp/hard\libc.a(libc_a-lseekr.o)
                              C:/ST/STM32CubeCLT_1.16.0/GNU-tools-for-STM32/bin/../lib/gcc/arm-none-eabi/12.3.1/../../../../arm-none-eabi/lib/thumb/v7e-m+fp/hard\libc.a(libc_a-stdio.o) (_lseek_r)
C:/ST/STM32CubeCLT_1.16.0/GNU-tools-for-STM32/bin/../lib/gcc/arm-none-eabi/12.3.1/../../../../arm-none-eabi/lib/thumb/v7e-m+fp/hard\libc.a(libc_a-readr.o)
                              C:/ST/STM32CubeCLT_1.16.0/GNU-tools-for-STM32/bin/../lib/gcc/arm-none-eabi/12.3.1/../../../../arm-none-eabi/lib/thumb/v7e-m+fp/hard\libc.a(libc_a-stdio.o) (_read_r)
C:/ST/STM32CubeCLT_1.16.0/GNU-tools-for-STM32/bin/../lib/gcc/arm-none-eabi/12.3.1/../../../../arm-none-eabi/lib/thumb/v7e-m+fp/hard\libc.a(libc_a-writer.o)
                              C:/ST/STM32CubeCLT_1.16.0/GNU-tools-for-STM32/bin/../lib/gcc/arm-none-eabi/12.3.1/../../../../arm-none-eabi/lib/thumb/v7e-m+fp/hard\libc.a(libc_a-stdio.o) (_write_r)
C:/ST/STM32CubeCLT_1.16.0/GNU-tools-for-STM32/bin/../lib/gcc/arm-none-eabi/12.3.1/../../../../arm-none-eabi/lib/thumb/v7e-m+fp/hard\libc.a(libc_a-init.o)
                              C:/ST/STM32CubeCLT_1.16.0/GNU-tools-for-STM32/bin/../lib/gcc/arm-none-eabi/12.3.1/../../../../arm-none-eabi/lib/thumb/v7e-m+fp/hard/crt0.o (__libc_init_array)
C:/ST/STM32CubeCLT_1.16.0/GNU-tools-for-STM32/bin/../lib/gcc/arm-none-eabi/12.3.1/../../../../arm-none-eabi/lib/thumb/v7e-m+fp/hard\libc.a(libc_a-lock.o)
                              C:/ST/STM32CubeCLT_1.16.0/GNU-tools-for-STM32/bin/../lib/gcc/arm-none-eabi/12.3.1/../../../../arm-none-eabi/lib/thumb/v7e-m+fp/hard\libc.a(libc_a-findfp.o) (__retarget_lock_init_recursive)
C:/ST/STM32CubeCLT_1.16.0/GNU-tools-for-STM32/bin/../lib/gcc/arm-none-eabi/12.3.1/../../../../arm-none-eabi/lib/thumb/v7e-m+fp/hard\libc.a(libc_a-__call_atexit.o)
                              C:/ST/STM32CubeCLT_1.16.0/GNU-tools-for-STM32/bin/../lib/gcc/arm-none-eabi/12.3.1/../../../../arm-none-eabi/lib/thumb/v7e-m+fp/hard\libc.a(libc_a-exit.o) (__call_exitprocs)
[...]
Memory Configuration

Name             Origin             Length             Attributes
RAM              0x20000000         0x00018000         xrw
FLASH            0x08000000         0x00060000         xr
*default*        0x00000000         0xffffffff

Linker script and memory map

LOAD C:/ST/STM32CubeCLT_1.16.0/GNU-tools-for-STM32/bin/../lib/gcc/arm-none-eabi/12.3.1/thumb/v7e-m+fp/hard/crti.o
LOAD C:/ST/STM32CubeCLT_1.16.0/GNU-tools-for-STM32/bin/../lib/gcc/arm-none-eabi/12.3.1/thumb/v7e-m+fp/hard/crtbegin.o
LOAD C:/ST/STM32CubeCLT_1.16.0/GNU-tools-for-STM32/bin/../lib/gcc/arm-none-eabi/12.3.1/../../../../arm-none-eabi/lib/thumb/v7e-m+fp/hard/crt0.o
START GROUP
LOAD C:/ST/STM32CubeCLT_1.16.0/GNU-tools-for-STM32/bin/../lib/gcc/arm-none-eabi/12.3.1/../../../../arm-none-eabi/lib/thumb/v7e-m+fp/hard\libc.a
LOAD C:/ST/STM32CubeCLT_1.16.0/GNU-tools-for-STM32/bin/../lib/gcc/arm-none-eabi/12.3.1/../../../../arm-none-eabi/lib/thumb/v7e-m+fp/hard\libm.a
END GROUP
LOAD CMakeFiles/smps-controller.dir/Core_PROJECT/src/main.c.obj
LOAD CMakeFiles/smps-controller.dir/Core_PROJECT/src/system_it.c.obj
LOAD CMakeFiles/smps-controller.dir/Drivers/STM32_HAL/src/stm32f4xx_hal.c.obj
LOAD CMakeFiles/smps-controller.dir/Drivers/STM32_HAL/src/stm32f4xx_hal_cortex.c.obj
LOAD CMakeFiles/smps-controller.dir/Drivers/STM32_HAL/src/stm32f4xx_hal_dma.c.obj
LOAD CMakeFiles/smps-controller.dir/Drivers/STM32_HAL/src/stm32f4xx_hal_dma_ex.c.obj
LOAD CMakeFiles/smps-controller.dir/Drivers/STM32_HAL/src/stm32f4xx_hal_exti.c.obj
LOAD CMakeFiles/smps-controller.dir/Drivers/STM32_HAL/src/stm32f4xx_hal_flash.c.obj
LOAD CMakeFiles/smps-controller.dir/Drivers/STM32_HAL/src/stm32f4xx_hal_flash_ex.c.obj
LOAD CMakeFiles/smps-controller.dir/Drivers/STM32_HAL/src/stm32f4xx_hal_flash_ramfunc.c.obj
LOAD CMakeFiles/smps-controller.dir/Drivers/STM32_HAL/src/stm32f4xx_hal_gpio.c.obj
LOAD CMakeFiles/smps-controller.dir/Drivers/STM32_HAL/src/stm32f4xx_hal_pwr.c.obj
LOAD CMakeFiles/smps-controller.dir/Drivers/STM32_HAL/src/stm32f4xx_hal_pwr_ex.c.obj
LOAD CMakeFiles/smps-controller.dir/Drivers/STM32_HAL/src/stm32f4xx_hal_rcc.c.obj
LOAD CMakeFiles/smps-controller.dir/Drivers/STM32_HAL/src/stm32f4xx_hal_rcc_ex.c.obj
LOAD CMakeFiles/smps-controller.dir/Drivers/STM32_HAL/src/stm32f4xx_hal_tim.c.obj
LOAD CMakeFiles/smps-controller.dir/Drivers/STM32_HAL/src/stm32f4xx_hal_tim_ex.c.obj
LOAD CMakeFiles/smps-controller.dir/Drivers/STM32_HAL/src/syscalls.c.obj
LOAD CMakeFiles/smps-controller.dir/Drivers/STM32_HAL/src/sysmem.c.obj
LOAD CMakeFiles/smps-controller.dir/Drivers/STM32_HAL/src/system_stm32f4xx.c.obj
LOAD CMakeFiles/smps-controller.dir/STM32/startup/startup_stm32f401cdux.s.obj
LOAD CMakeFiles/smps-controller.dir/project_main.c.obj
START GROUP
LOAD C:/ST/STM32CubeCLT_1.16.0/GNU-tools-for-STM32/bin/../lib/gcc/arm-none-eabi/12.3.1/thumb/v7e-m+fp/hard\libgcc.a
LOAD C:/ST/STM32CubeCLT_1.16.0/GNU-tools-for-STM32/bin/../lib/gcc/arm-none-eabi/12.3.1/../../../../arm-none-eabi/lib/thumb/v7e-m+fp/hard\libg.a
LOAD C:/ST/STM32CubeCLT_1.16.0/GNU-tools-for-STM32/bin/../lib/gcc/arm-none-eabi/12.3.1/../../../../arm-none-eabi/lib/thumb/v7e-m+fp/hard\libc.a
END GROUP
START GROUP
LOAD C:/ST/STM32CubeCLT_1.16.0/GNU-tools-for-STM32/bin/../lib/gcc/arm-none-eabi/12.3.1/thumb/v7e-m+fp/hard\libgcc.a
LOAD C:/ST/STM32CubeCLT_1.16.0/GNU-tools-for-STM32/bin/../lib/gcc/arm-none-eabi/12.3.1/../../../../arm-none-eabi/lib/thumb/v7e-m+fp/hard\libc.a
LOAD C:/ST/STM32CubeCLT_1.16.0/GNU-tools-for-STM32/bin/../lib/gcc/arm-none-eabi/12.3.1/../../../../arm-none-eabi/lib/thumb/v7e-m+fp/hard\libnosys.a
END GROUP
LOAD C:/ST/STM32CubeCLT_1.16.0/GNU-tools-for-STM32/bin/../lib/gcc/arm-none-eabi/12.3.1/thumb/v7e-m+fp/hard/crtend.o
LOAD C:/ST/STM32CubeCLT_1.16.0/GNU-tools-for-STM32/bin/../lib/gcc/arm-none-eabi/12.3.1/thumb/v7e-m+fp/hard/crtn.o
                0x20018000                        _estack = (ORIGIN (RAM) + LENGTH (RAM))
                0x00000200                        _Min_Heap_Size = 0x200
                0x00000400                        _Min_Stack_Size = 0x400

.isr_vector     0x08000000      0x194
                0x08000000                        . = ALIGN (0x4)
 *(.isr_vector)
 .isr_vector    0x08000000      0x194 CMakeFiles/smps-controller.dir/STM32/startup/startup_stm32f401cdux.s.obj
                0x08000000                g_pfnVectors
                0x08000194                        . = ALIGN (0x4)

.text           0x08000194     0x1668
                0x08000194                        . = ALIGN (0x4)
 *(.text)
 .text          0x08000194       0x40 C:/ST/STM32CubeCLT_1.16.0/GNU-tools-for-STM32/bin/../lib/gcc/arm-none-eabi/12.3.1/thumb/v7e-m+fp/hard/crtbegin.o
 .text          0x080001d4       0x30 C:/ST/STM32CubeCLT_1.16.0/GNU-tools-for-STM32/bin/../lib/gcc/arm-none-eabi/12.3.1/thumb/v7e-m+fp/hard\libgcc.a(_aeabi_uldivmod.o)
                0x080001d4                __aeabi_uldivmod
 .text          0x08000204      0x2bc C:/ST/STM32CubeCLT_1.16.0/GNU-tools-for-STM32/bin/../lib/gcc/arm-none-eabi/12.3.1/thumb/v7e-m+fp/hard\libgcc.a(_udivmoddi4.o)
                0x08000204                __udivmoddi4
 .text          0x080004c0        0x4 C:/ST/STM32CubeCLT_1.16.0/GNU-tools-for-STM32/bin/../lib/gcc/arm-none-eabi/12.3.1/thumb/v7e-m+fp/hard\libgcc.a(_dvmd_tls.o)
                0x080004c0                __aeabi_idiv0
                0x080004c0                __aeabi_ldiv0
 *(.text*)
 .text.memset   0x080004c4       0x10 C:/ST/STM32CubeCLT_1.16.0/GNU-tools-for-STM32/bin/../lib/gcc/arm-none-eabi/12.3.1/../../../../arm-none-eabi/lib/thumb/v7e-m+fp/hard\libc.a(libc_a-memset.o)
                0x080004c4                memset
 .text.__libc_init_array
                0x080004d4       0x48 C:/ST/STM32CubeCLT_1.16.0/GNU-tools-for-STM32/bin/../lib/gcc/arm-none-eabi/12.3.1/../../../../arm-none-eabi/lib/thumb/v7e-m+fp/hard\libc.a(libc_a-init.o)
                0x080004d4                __libc_init_array
 .text.__retarget_lock_acquire_recursive
                0x0800051c        0x2 C:/ST/STM32CubeCLT_1.16.0/GNU-tools-for-STM32/bin/../lib/gcc/arm-none-eabi/12.3.1/../../../../arm-none-eabi/lib/thumb/v7e-m+fp/hard\libc.a(libc_a-lock.o)
                0x0800051c                __retarget_lock_acquire_recursive
 .text.__retarget_lock_release_recursive
                0x0800051e        0x2 C:/ST/STM32CubeCLT_1.16.0/GNU-tools-for-STM32/bin/../lib/gcc/arm-none-eabi/12.3.1/../../../../arm-none-eabi/lib/thumb/v7e-m+fp/hard\libc.a(libc_a-lock.o)
                0x0800051e                __retarget_lock_release_recursive
 .text.startup.register_fini
                0x08000520       0x14 C:/ST/STM32CubeCLT_1.16.0/GNU-tools-for-STM32/bin/../lib/gcc/arm-none-eabi/12.3.1/../../../../arm-none-eabi/lib/thumb/v7e-m+fp/hard\libc.a(libc_a-__call_atexit.o)
 .text.atexit   0x08000534        0xc C:/ST/STM32CubeCLT_1.16.0/GNU-tools-for-STM32/bin/../lib/gcc/arm-none-eabi/12.3.1/../../../../arm-none-eabi/lib/thumb/v7e-m+fp/hard\libc.a(libc_a-atexit.o)
                0x08000534                atexit
 .text.__libc_fini_array
                0x08000540       0x28 C:/ST/STM32CubeCLT_1.16.0/GNU-tools-for-STM32/bin/../lib/gcc/arm-none-eabi/12.3.1/../../../../arm-none-eabi/lib/thumb/v7e-m+fp/hard\libc.a(libc_a-fini.o)
                0x08000540                __libc_fini_array
 .text.__register_exitproc
                0x08000568       0x80 C:/ST/STM32CubeCLT_1.16.0/GNU-tools-for-STM32/bin/../lib/gcc/arm-none-eabi/12.3.1/../../../../arm-none-eabi/lib/thumb/v7e-m+fp/hard\libc.a(libc_a-__atexit.o)
                0x08000568                __register_exitproc
 .text.error_handler
                0x080005e8        0x4 CMakeFiles/smps-controller.dir/Core_PROJECT/src/main.c.obj
                0x080005e8                error_handler
 .text.HAL_MspInit
                0x080005ec       0x38 CMakeFiles/smps-controller.dir/Core_PROJECT/src/main.c.obj
                0x080005ec                HAL_MspInit
 .text.system_clock_init
                0x08000624       0x70 CMakeFiles/smps-controller.dir/Core_PROJECT/src/main.c.obj
                0x08000624                system_clock_init
 .text.main     0x08000694       0x14 CMakeFiles/smps-controller.dir/Core_PROJECT/src/main.c.obj
                0x08000694                main
 .text.SysTick_Handler
                0x080006a8        0x8 CMakeFiles/smps-controller.dir/Core_PROJECT/src/system_it.c.obj
                0x080006a8                SysTick_Handler
 .text.HAL_InitTick
                0x080006b0       0x4c CMakeFiles/smps-controller.dir/Drivers/STM32_HAL/src/stm32f4xx_hal.c.obj
                0x080006b0                HAL_InitTick
 .text.HAL_Init
                0x080006fc       0x34 CMakeFiles/smps-controller.dir/Drivers/STM32_HAL/src/stm32f4xx_hal.c.obj
                0x080006fc                HAL_Init
 .text.HAL_IncTick
                0x08000730       0x18 CMakeFiles/smps-controller.dir/Drivers/STM32_HAL/src/stm32f4xx_hal.c.obj
                0x08000730                HAL_IncTick
 .text.HAL_GetTick
                0x08000748        0xc CMakeFiles/smps-controller.dir/Drivers/STM32_HAL/src/stm32f4xx_hal.c.obj
                0x08000748                HAL_GetTick
 .text.HAL_Delay
                0x08000754       0x28 CMakeFiles/smps-controller.dir/Drivers/STM32_HAL/src/stm32f4xx_hal.c.obj
                0x08000754                HAL_Delay
 .text.__NVIC_SetPriority
                0x0800077c       0x28 CMakeFiles/smps-controller.dir/Drivers/STM32_HAL/src/stm32f4xx_hal_cortex.c.obj
 .text.NVIC_EncodePriority
                0x080007a4       0x3e CMakeFiles/smps-controller.dir/Drivers/STM32_HAL/src/stm32f4xx_hal_cortex.c.obj
 *fill*         0x080007e2        0x2 
 .text.HAL_NVIC_SetPriorityGrouping
                0x080007e4       0x24 CMakeFiles/smps-controller.dir/Drivers/STM32_HAL/src/stm32f4xx_hal_cortex.c.obj
                0x080007e4                HAL_NVIC_SetPriorityGrouping
 .text.HAL_NVIC_SetPriority
                0x08000808       0x20 CMakeFiles/smps-controller.dir/Drivers/STM32_HAL/src/stm32f4xx_hal_cortex.c.obj
                0x08000808                HAL_NVIC_SetPriority
 .text.HAL_SYSTICK_Config
                0x08000828       0x28 CMakeFiles/smps-controller.dir/Drivers/STM32_HAL/src/stm32f4xx_hal_cortex.c.obj
                0x08000828                HAL_SYSTICK_Config
 .text.HAL_GPIO_Init
                0x08000850      0x1c8 CMakeFiles/smps-controller.dir/Drivers/STM32_HAL/src/stm32f4xx_hal_gpio.c.obj
                0x08000850                HAL_GPIO_Init
 .text.HAL_GPIO_TogglePin
                0x08000a18       0x12 CMakeFiles/smps-controller.dir/Drivers/STM32_HAL/src/stm32f4xx_hal_gpio.c.obj
                0x08000a18                HAL_GPIO_TogglePin
 *fill*         0x08000a2a        0x2 
 .text.HAL_RCC_OscConfig
                0x08000a2c      0x3f8 CMakeFiles/smps-controller.dir/Drivers/STM32_HAL/src/stm32f4xx_hal_rcc.c.obj
                0x08000a2c                HAL_RCC_OscConfig
 .text.HAL_RCC_GetSysClockFreq
                0x08000e24       0xa8 CMakeFiles/smps-controller.dir/Drivers/STM32_HAL/src/stm32f4xx_hal_rcc.c.obj
                0x08000e24                HAL_RCC_GetSysClockFreq
 .text.HAL_RCC_ClockConfig
                0x08000ecc      0x160 CMakeFiles/smps-controller.dir/Drivers/STM32_HAL/src/stm32f4xx_hal_rcc.c.obj
                0x08000ecc                HAL_RCC_ClockConfig
 .text.TIM_OC1_SetConfig
                0x0800102c       0x54 CMakeFiles/smps-controller.dir/Drivers/STM32_HAL/src/stm32f4xx_hal_tim.c.obj
 .text.TIM_OC3_SetConfig
                0x08001080       0x5c CMakeFiles/smps-controller.dir/Drivers/STM32_HAL/src/stm32f4xx_hal_tim.c.obj
 .text.TIM_OC4_SetConfig
                0x080010dc       0x48 CMakeFiles/smps-controller.dir/Drivers/STM32_HAL/src/stm32f4xx_hal_tim.c.obj
 .text.TIM_TI1_ConfigInputStage
                0x08001124       0x26 CMakeFiles/smps-controller.dir/Drivers/STM32_HAL/src/stm32f4xx_hal_tim.c.obj
 .text.TIM_TI2_ConfigInputStage
                0x0800114a       0x28 CMakeFiles/smps-controller.dir/Drivers/STM32_HAL/src/stm32f4xx_hal_tim.c.obj
 .text.TIM_ITRx_SetConfig
                0x08001172       0x10 CMakeFiles/smps-controller.dir/Drivers/STM32_HAL/src/stm32f4xx_hal_tim.c.obj
 .text.HAL_TIM_Base_MspInit
                0x08001182        0x2 CMakeFiles/smps-controller.dir/Drivers/STM32_HAL/src/stm32f4xx_hal_tim.c.obj
                0x08001182                HAL_TIM_Base_MspInit
 .text.HAL_TIM_PWM_MspInit
                0x08001184        0x2 CMakeFiles/smps-controller.dir/Drivers/STM32_HAL/src/stm32f4xx_hal_tim.c.obj
                0x08001184                HAL_TIM_PWM_MspInit
 *fill*         0x08001186        0x2 
 .text.TIM_Base_SetConfig
                0x08001188       0x9c CMakeFiles/smps-controller.dir/Drivers/STM32_HAL/src/stm32f4xx_hal_tim.c.obj
                0x08001188                TIM_Base_SetConfig
 .text.HAL_TIM_Base_Init
                0x08001224       0x58 CMakeFiles/smps-controller.dir/Drivers/STM32_HAL/src/stm32f4xx_hal_tim.c.obj
                0x08001224                HAL_TIM_Base_Init
 .text.HAL_TIM_PWM_Init
                0x0800127c       0x58 CMakeFiles/smps-controller.dir/Drivers/STM32_HAL/src/stm32f4xx_hal_tim.c.obj
                0x0800127c                HAL_TIM_PWM_Init
 .text.TIM_OC2_SetConfig
                0x080012d4       0x5c CMakeFiles/smps-controller.dir/Drivers/STM32_HAL/src/stm32f4xx_hal_tim.c.obj
                0x080012d4                TIM_OC2_SetConfig
 .text.HAL_TIM_PWM_ConfigChannel
                0x08001330       0xdc CMakeFiles/smps-controller.dir/Drivers/STM32_HAL/src/stm32f4xx_hal_tim.c.obj
                0x08001330                HAL_TIM_PWM_ConfigChannel
 .text.TIM_ETR_SetConfig
                0x0800140c       0x1a CMakeFiles/smps-controller.dir/Drivers/STM32_HAL/src/stm32f4xx_hal_tim.c.obj
                0x0800140c                TIM_ETR_SetConfig
 .text.HAL_TIM_ConfigClockSource
                0x08001426       0xfe CMakeFiles/smps-controller.dir/Drivers/STM32_HAL/src/stm32f4xx_hal_tim.c.obj
                0x08001426                HAL_TIM_ConfigClockSource
 .text.TIM_CCxChannelCmd
                0x08001524       0x1e CMakeFiles/smps-controller.dir/Drivers/STM32_HAL/src/stm32f4xx_hal_tim.c.obj
                0x08001524                TIM_CCxChannelCmd
 *fill*         0x08001542        0x2 
 .text.HAL_TIM_PWM_Start
                0x08001544       0xf0 CMakeFiles/smps-controller.dir/Drivers/STM32_HAL/src/stm32f4xx_hal_tim.c.obj
                0x08001544                HAL_TIM_PWM_Start
 .text.SystemInit
                0x08001634       0x14 CMakeFiles/smps-controller.dir/Drivers/STM32_HAL/src/system_stm32f4xx.c.obj
                0x08001634                SystemInit
 .text.Reset_Handler
                0x08001648       0x50 CMakeFiles/smps-controller.dir/STM32/startup/startup_stm32f401cdux.s.obj
                0x08001648                Reset_Handler
 .text.Default_Handler
                0x08001698        0x2 CMakeFiles/smps-controller.dir/STM32/startup/startup_stm32f401cdux.s.obj
                0x08001698                RTC_Alarm_IRQHandler
                0x08001698                EXTI2_IRQHandler
                0x08001698                DebugMon_Handler
                0x08001698                SPI4_IRQHandler
                0x08001698                TIM1_CC_IRQHandler
                0x08001698                DMA2_Stream5_IRQHandler
                0x08001698                HardFault_Handler
                0x08001698                DMA1_Stream5_IRQHandler
                0x08001698                PVD_IRQHandler
                0x08001698                SDIO_IRQHandler
                0x08001698                TAMP_STAMP_IRQHandler
                0x08001698                PendSV_Handler
                0x08001698                NMI_Handler
                0x08001698                EXTI3_IRQHandler
                0x08001698                TIM1_UP_TIM10_IRQHandler
                0x08001698                I2C3_ER_IRQHandler
                0x08001698                EXTI0_IRQHandler
                0x08001698                I2C2_EV_IRQHandler
                0x08001698                DMA1_Stream2_IRQHandler
                0x08001698                FPU_IRQHandler
                0x08001698                UsageFault_Handler
                0x08001698                DMA2_Stream2_IRQHandler
                0x08001698                SPI1_IRQHandler
                0x08001698                TIM1_BRK_TIM9_IRQHandler
                0x08001698                DMA2_Stream3_IRQHandler
                0x08001698                USART6_IRQHandler
                0x08001698                DMA2_Stream0_IRQHandler
                0x08001698                TIM4_IRQHandler
                0x08001698                I2C1_EV_IRQHandler
                0x08001698                DMA1_Stream6_IRQHandler
                0x08001698                DMA1_Stream1_IRQHandler
                0x08001698                TIM3_IRQHandler
                0x08001698                RCC_IRQHandler
                0x08001698                Default_Handler
                0x08001698                EXTI15_10_IRQHandler
                0x08001698                ADC_IRQHandler
                0x08001698                DMA1_Stream7_IRQHandler
                0x08001698                TIM5_IRQHandler
                0x08001698                DMA2_Stream7_IRQHandler
                0x08001698                I2C3_EV_IRQHandler
                0x08001698                EXTI9_5_IRQHandler
                0x08001698                RTC_WKUP_IRQHandler
                0x08001698                SPI2_IRQHandler
                0x08001698                MemManage_Handler
                0x08001698                DMA1_Stream0_IRQHandler
                0x08001698                SVC_Handler
                0x08001698                EXTI4_IRQHandler
                0x08001698                WWDG_IRQHandler
                0x08001698                TIM2_IRQHandler
                0x08001698                OTG_FS_WKUP_IRQHandler
                0x08001698                TIM1_TRG_COM_TIM11_IRQHandler
                0x08001698                EXTI1_IRQHandler
                0x08001698                USART2_IRQHandler
                0x08001698                I2C2_ER_IRQHandler
                0x08001698                DMA2_Stream1_IRQHandler
                0x08001698                FLASH_IRQHandler
                0x08001698                DMA2_Stream4_IRQHandler
                0x08001698                BusFault_Handler
                0x08001698                USART1_IRQHandler
                0x08001698                OTG_FS_IRQHandler
                0x08001698                SPI3_IRQHandler
                0x08001698                DMA1_Stream4_IRQHandler
                0x08001698                I2C1_ER_IRQHandler
                0x08001698                DMA2_Stream6_IRQHandler
                0x08001698                DMA1_Stream3_IRQHandler
 *fill*         0x0800169a        0x2 
 .text.loop     0x0800169c       0x1c CMakeFiles/smps-controller.dir/project_main.c.obj
                0x0800169c                loop
 .text.tim_pwm_init
                0x080016b8       0xa4 CMakeFiles/smps-controller.dir/project_main.c.obj
                0x080016b8                tim_pwm_init
 .text.setup    0x0800175c       0x88 CMakeFiles/smps-controller.dir/project_main.c.obj
                0x0800175c                setup
 *(.glue_7)
 .glue_7        0x080017e4        0x0 linker stubs
 *(.glue_7t)
 .glue_7t       0x080017e4        0x0 linker stubs
 *(.eh_frame)
 .eh_frame      0x080017e4        0x0 C:/ST/STM32CubeCLT_1.16.0/GNU-tools-for-STM32/bin/../lib/gcc/arm-none-eabi/12.3.1/thumb/v7e-m+fp/hard/crtbegin.o
 *(.init)
 .init          0x080017e4        0x4 C:/ST/STM32CubeCLT_1.16.0/GNU-tools-for-STM32/bin/../lib/gcc/arm-none-eabi/12.3.1/thumb/v7e-m+fp/hard/crti.o
                0x080017e4                _init
 .init          0x080017e8        0x8 C:/ST/STM32CubeCLT_1.16.0/GNU-tools-for-STM32/bin/../lib/gcc/arm-none-eabi/12.3.1/thumb/v7e-m+fp/hard/crtn.o
 *(.fini)
 .fini          0x080017f0        0x4 C:/ST/STM32CubeCLT_1.16.0/GNU-tools-for-STM32/bin/../lib/gcc/arm-none-eabi/12.3.1/thumb/v7e-m+fp/hard/crti.o
                0x080017f0                _fini
 .fini          0x080017f4        0x8 C:/ST/STM32CubeCLT_1.16.0/GNU-tools-for-STM32/bin/../lib/gcc/arm-none-eabi/12.3.1/thumb/v7e-m+fp/hard/crtn.o
                0x080017fc                        . = ALIGN (0x4)
                0x080017fc                        _etext = .

.vfp11_veneer   0x080017fc        0x0
 .vfp11_veneer  0x080017fc        0x0 linker stubs

.v4_bx          0x080017fc        0x0
 .v4_bx         0x080017fc        0x0 linker stubs

.iplt           0x080017fc        0x0
 .iplt          0x080017fc        0x0 C:/ST/STM32CubeCLT_1.16.0/GNU-tools-for-STM32/bin/../lib/gcc/arm-none-eabi/12.3.1/thumb/v7e-m+fp/hard/crtbegin.o

.rodata         0x080017fc       0x10
                0x080017fc                        . = ALIGN (0x4)
 *(.rodata)
 *(.rodata*)
 .rodata.AHBPrescTable
                0x080017fc       0x10 CMakeFiles/smps-controller.dir/Drivers/STM32_HAL/src/system_stm32f4xx.c.obj
                0x080017fc                AHBPrescTable
                0x0800180c                        . = ALIGN (0x4)

.ARM.extab      0x0800180c        0x0
                0x0800180c                        . = ALIGN (0x4)
 *(.ARM.extab* .gnu.linkonce.armextab.*)
                0x0800180c                        . = ALIGN (0x4)

.ARM            0x0800180c        0x8
                0x0800180c                        . = ALIGN (0x4)
                0x0800180c                        __exidx_start = .
 *(.ARM.exidx*)
 .ARM.exidx     0x0800180c        0x8 C:/ST/STM32CubeCLT_1.16.0/GNU-tools-for-STM32/bin/../lib/gcc/arm-none-eabi/12.3.1/thumb/v7e-m+fp/hard\libgcc.a(_udivmoddi4.o)
                0x08001814                        __exidx_end = .
                0x08001814                        . = ALIGN (0x4)

.rel.dyn        0x08001814        0x0
 .rel.iplt      0x08001814        0x0 C:/ST/STM32CubeCLT_1.16.0/GNU-tools-for-STM32/bin/../lib/gcc/arm-none-eabi/12.3.1/thumb/v7e-m+fp/hard/crtbegin.o

.preinit_array  0x08001814        0x0
                0x08001814                        . = ALIGN (0x4)
                0x08001814                        PROVIDE (__preinit_array_start = .)
 *(.preinit_array*)
                0x08001814                        PROVIDE (__preinit_array_end = .)
                0x08001814                        . = ALIGN (0x4)

.init_array     0x08001814        0x8
                0x08001814                        . = ALIGN (0x4)
                0x08001814                        PROVIDE (__init_array_start = .)
 *(SORT_BY_NAME(.init_array.*))
 .init_array.00000
                0x08001814        0x4 C:/ST/STM32CubeCLT_1.16.0/GNU-tools-for-STM32/bin/../lib/gcc/arm-none-eabi/12.3.1/../../../../arm-none-eabi/lib/thumb/v7e-m+fp/hard\libc.a(libc_a-__call_atexit.o)
 *(.init_array*)
 .init_array    0x08001818        0x4 C:/ST/STM32CubeCLT_1.16.0/GNU-tools-for-STM32/bin/../lib/gcc/arm-none-eabi/12.3.1/thumb/v7e-m+fp/hard/crtbegin.o
                0x0800181c                        PROVIDE (__init_array_end = .)
                0x0800181c                        . = ALIGN (0x4)

.fini_array     0x0800181c        0x4
                0x0800181c                        . = ALIGN (0x4)
                0x0800181c                        PROVIDE (__fini_array_start = .)
 *(SORT_BY_NAME(.fini_array.*))
 *(.fini_array*)
 .fini_array    0x0800181c        0x4 C:/ST/STM32CubeCLT_1.16.0/GNU-tools-for-STM32/bin/../lib/gcc/arm-none-eabi/12.3.1/thumb/v7e-m+fp/hard/crtbegin.o
                0x08001820                        PROVIDE (__fini_array_end = .)
                0x08001820                        . = ALIGN (0x4)
                0x08001820                        _sidata = LOADADDR (.data)

.data           0x20000000       0x14 load address 0x08001820
                0x20000000                        . = ALIGN (0x4)
                0x20000000                        _sdata = .
 *(.data)
 *(.data*)
 .data.__atexit_recursive_mutex
                0x20000000        0x4 C:/ST/STM32CubeCLT_1.16.0/GNU-tools-for-STM32/bin/../lib/gcc/arm-none-eabi/12.3.1/../../../../arm-none-eabi/lib/thumb/v7e-m+fp/hard\libc.a(libc_a-__call_atexit.o)
                0x20000000                __atexit_recursive_mutex
 .data.uwTickFreq
                0x20000004        0x1 CMakeFiles/smps-controller.dir/Drivers/STM32_HAL/src/stm32f4xx_hal.c.obj
                0x20000004                uwTickFreq
 *fill*         0x20000005        0x3 
 .data.uwTickPrio
                0x20000008        0x4 CMakeFiles/smps-controller.dir/Drivers/STM32_HAL/src/stm32f4xx_hal.c.obj
                0x20000008                uwTickPrio
 .data.SystemCoreClock
                0x2000000c        0x4 CMakeFiles/smps-controller.dir/Drivers/STM32_HAL/src/system_stm32f4xx.c.obj
                0x2000000c                SystemCoreClock
 .data.p_width  0x20000010        0x4 CMakeFiles/smps-controller.dir/project_main.c.obj
                0x20000010                p_width
 *(.RamFunc)
 *(.RamFunc*)
                0x20000014                        . = ALIGN (0x4)
                0x20000014                        _edata = .

.igot.plt       0x20000014        0x0 load address 0x08001834
 .igot.plt      0x20000014        0x0 C:/ST/STM32CubeCLT_1.16.0/GNU-tools-for-STM32/bin/../lib/gcc/arm-none-eabi/12.3.1/thumb/v7e-m+fp/hard/crtbegin.o
                0x20000014                        . = ALIGN (0x4)

.bss            0x20000014      0x200 load address 0x08001834
                0x20000014                        _sbss = .
                0x20000014                        __bss_start__ = _sbss
 *(.bss)
 .bss           0x20000014       0x1c C:/ST/STM32CubeCLT_1.16.0/GNU-tools-for-STM32/bin/../lib/gcc/arm-none-eabi/12.3.1/thumb/v7e-m+fp/hard/crtbegin.o
 *(.bss*)
 .bss.__lock___atexit_recursive_mutex
                0x20000030        0x1 C:/ST/STM32CubeCLT_1.16.0/GNU-tools-for-STM32/bin/../lib/gcc/arm-none-eabi/12.3.1/../../../../arm-none-eabi/lib/thumb/v7e-m+fp/hard\libc.a(libc_a-lock.o)
                0x20000030                __lock___atexit_recursive_mutex
 *fill*         0x20000031        0x3 
 .bss.__atexit  0x20000034        0x4 C:/ST/STM32CubeCLT_1.16.0/GNU-tools-for-STM32/bin/../lib/gcc/arm-none-eabi/12.3.1/../../../../arm-none-eabi/lib/thumb/v7e-m+fp/hard\libc.a(libc_a-__call_atexit.o)
                0x20000034                __atexit
 .bss.__atexit0
                0x20000038      0x190 C:/ST/STM32CubeCLT_1.16.0/GNU-tools-for-STM32/bin/../lib/gcc/arm-none-eabi/12.3.1/../../../../arm-none-eabi/lib/thumb/v7e-m+fp/hard\libc.a(libc_a-__atexit.o)
                0x20000038                __atexit0
 .bss.uwTick    0x200001c8        0x4 CMakeFiles/smps-controller.dir/Drivers/STM32_HAL/src/stm32f4xx_hal.c.obj
                0x200001c8                uwTick
 .bss.htim1     0x200001cc       0x48 CMakeFiles/smps-controller.dir/project_main.c.obj
                0x200001cc                htim1
 *(COMMON)
                0x20000214                        . = ALIGN (0x4)
                0x20000214                        _ebss = .
                0x20000214                        __bss_end__ = _ebss

._user_heap_stack
                0x20000214      0x604 load address 0x08001834
                0x20000218                        . = ALIGN (0x8)
 *fill*         0x20000214        0x4 
                [!provide]                        PROVIDE (end = .)
                0x20000218                        PROVIDE (_end = .)
                0x20000418                        . = (. + _Min_Heap_Size)
 *fill*         0x20000218      0x200 
                0x20000818                        . = (. + _Min_Stack_Size)
 *fill*         0x20000418      0x400 
                0x20000818                        . = ALIGN (0x8)

/DISCARD/
 libc.a(*)
 libm.a(*)
 libgcc.a(*)

.ARM.attributes
                0x00000000       0x30
 *(.ARM.attributes)
 .ARM.attributes
                0x00000000       0x22 C:/ST/STM32CubeCLT_1.16.0/GNU-tools-for-STM32/bin/../lib/gcc/arm-none-eabi/12.3.1/thumb/v7e-m+fp/hard/crti.o
 .ARM.attributes
                0x00000022       0x34 C:/ST/STM32CubeCLT_1.16.0/GNU-tools-for-STM32/bin/../lib/gcc/arm-none-eabi/12.3.1/thumb/v7e-m+fp/hard/crtbegin.o
 .ARM.attributes
                0x00000056       0x34 C:/ST/STM32CubeCLT_1.16.0/GNU-tools-for-STM32/bin/../lib/gcc/arm-none-eabi/12.3.1/../../../../arm-none-eabi/lib/thumb/v7e-m+fp/hard\libc.a(libc_a-memset.o)
 .ARM.attributes
                0x0000008a       0x34 C:/ST/STM32CubeCLT_1.16.0/GNU-tools-for-STM32/bin/../lib/gcc/arm-none-eabi/12.3.1/../../../../arm-none-eabi/lib/thumb/v7e-m+fp/hard\libc.a(libc_a-init.o)
 .ARM.attributes
                0x000000be       0x34 C:/ST/STM32CubeCLT_1.16.0/GNU-tools-for-STM32/bin/../lib/gcc/arm-none-eabi/12.3.1/../../../../arm-none-eabi/lib/thumb/v7e-m+fp/hard\libc.a(libc_a-lock.o)
 .ARM.attributes
                0x000000f2       0x34 C:/ST/STM32CubeCLT_1.16.0/GNU-tools-for-STM32/bin/../lib/gcc/arm-none-eabi/12.3.1/../../../../arm-none-eabi/lib/thumb/v7e-m+fp/hard\libc.a(libc_a-__call_atexit.o)
 .ARM.attributes
                0x00000126       0x34 C:/ST/STM32CubeCLT_1.16.0/GNU-tools-for-STM32/bin/../lib/gcc/arm-none-eabi/12.3.1/../../../../arm-none-eabi/lib/thumb/v7e-m+fp/hard\libc.a(libc_a-atexit.o)
 .ARM.attributes
                0x0000015a       0x34 C:/ST/STM32CubeCLT_1.16.0/GNU-tools-for-STM32/bin/../lib/gcc/arm-none-eabi/12.3.1/../../../../arm-none-eabi/lib/thumb/v7e-m+fp/hard\libc.a(libc_a-fini.o)
 .ARM.attributes
                0x0000018e       0x34 C:/ST/STM32CubeCLT_1.16.0/GNU-tools-for-STM32/bin/../lib/gcc/arm-none-eabi/12.3.1/../../../../arm-none-eabi/lib/thumb/v7e-m+fp/hard\libc.a(libc_a-__atexit.o)
 .ARM.attributes
                0x000001c2       0x34 CMakeFiles/smps-controller.dir/Core_PROJECT/src/main.c.obj
 .ARM.attributes
                0x000001f6       0x34 CMakeFiles/smps-controller.dir/Core_PROJECT/src/system_it.c.obj
 .ARM.attributes
                0x0000022a       0x34 CMakeFiles/smps-controller.dir/Drivers/STM32_HAL/src/stm32f4xx_hal.c.obj
 .ARM.attributes
                0x0000025e       0x34 CMakeFiles/smps-controller.dir/Drivers/STM32_HAL/src/stm32f4xx_hal_cortex.c.obj
 .ARM.attributes
                0x00000292       0x34 CMakeFiles/smps-controller.dir/Drivers/STM32_HAL/src/stm32f4xx_hal_gpio.c.obj
 .ARM.attributes
                0x000002c6       0x34 CMakeFiles/smps-controller.dir/Drivers/STM32_HAL/src/stm32f4xx_hal_rcc.c.obj
 .ARM.attributes
                0x000002fa       0x34 CMakeFiles/smps-controller.dir/Drivers/STM32_HAL/src/stm32f4xx_hal_tim.c.obj
 .ARM.attributes
                0x0000032e       0x34 CMakeFiles/smps-controller.dir/Drivers/STM32_HAL/src/system_stm32f4xx.c.obj
 .ARM.attributes
                0x00000362       0x21 CMakeFiles/smps-controller.dir/STM32/startup/startup_stm32f401cdux.s.obj
 .ARM.attributes
                0x00000383       0x34 CMakeFiles/smps-controller.dir/project_main.c.obj
 .ARM.attributes
                0x000003b7       0x22 C:/ST/STM32CubeCLT_1.16.0/GNU-tools-for-STM32/bin/../lib/gcc/arm-none-eabi/12.3.1/thumb/v7e-m+fp/hard\libgcc.a(_aeabi_uldivmod.o)
 .ARM.attributes
                0x000003d9       0x34 C:/ST/STM32CubeCLT_1.16.0/GNU-tools-for-STM32/bin/../lib/gcc/arm-none-eabi/12.3.1/thumb/v7e-m+fp/hard\libgcc.a(_udivmoddi4.o)
 .ARM.attributes
                0x0000040d       0x22 C:/ST/STM32CubeCLT_1.16.0/GNU-tools-for-STM32/bin/../lib/gcc/arm-none-eabi/12.3.1/thumb/v7e-m+fp/hard\libgcc.a(_dvmd_tls.o)
 .ARM.attributes
                0x0000042f       0x22 C:/ST/STM32CubeCLT_1.16.0/GNU-tools-for-STM32/bin/../lib/gcc/arm-none-eabi/12.3.1/thumb/v7e-m+fp/hard/crtn.o
OUTPUT(smps-controller.elf elf32-littlearm)
LOAD linker stubs
LOAD C:/ST/STM32CubeCLT_1.16.0/GNU-tools-for-STM32/bin/../lib/gcc/arm-none-eabi/12.3.1/../../../../arm-none-eabi/lib/thumb/v7e-m+fp/hard\libc.a
LOAD C:/ST/STM32CubeCLT_1.16.0/GNU-tools-for-STM32/bin/../lib/gcc/arm-none-eabi/12.3.1/../../../../arm-none-eabi/lib/thumb/v7e-m+fp/hard\libm.a
LOAD C:/ST/STM32CubeCLT_1.16.0/GNU-tools-for-STM32/bin/../lib/gcc/arm-none-eabi/12.3.1/thumb/v7e-m+fp/hard\libgcc.a

.debug_frame    0x00000000     0x14a8
 .debug_frame   0x00000000       0x20 C:/ST/STM32CubeCLT_1.16.0/GNU-tools-for-STM32/bin/../lib/gcc/arm-none-eabi/12.3.1/../../../../arm-none-eabi/lib/thumb/v7e-m+fp/hard\libc.a(libc_a-memset.o)
 .debug_frame   0x00000020       0x2c C:/ST/STM32CubeCLT_1.16.0/GNU-tools-for-STM32/bin/../lib/gcc/arm-none-eabi/12.3.1/../../../../arm-none-eabi/lib/thumb/v7e-m+fp/hard\libc.a(libc_a-init.o)
 .debug_frame   0x0000004c       0xb0 C:/ST/STM32CubeCLT_1.16.0/GNU-tools-for-STM32/bin/../lib/gcc/arm-none-eabi/12.3.1/../../../../arm-none-eabi/lib/thumb/v7e-m+fp/hard\libc.a(libc_a-lock.o)
 .debug_frame   0x000000fc       0x58 C:/ST/STM32CubeCLT_1.16.0/GNU-tools-for-STM32/bin/../lib/gcc/arm-none-eabi/12.3.1/../../../../arm-none-eabi/lib/thumb/v7e-m+fp/hard\libc.a(libc_a-__call_atexit.o)
 .debug_frame   0x00000154       0x20 C:/ST/STM32CubeCLT_1.16.0/GNU-tools-for-STM32/bin/../lib/gcc/arm-none-eabi/12.3.1/../../../../arm-none-eabi/lib/thumb/v7e-m+fp/hard\libc.a(libc_a-atexit.o)
 .debug_frame   0x00000174       0x38 C:/ST/STM32CubeCLT_1.16.0/GNU-tools-for-STM32/bin/../lib/gcc/arm-none-eabi/12.3.1/../../../../arm-none-eabi/lib/thumb/v7e-m+fp/hard\libc.a(libc_a-fini.o)
 .debug_frame   0x000001ac       0x34 C:/ST/STM32CubeCLT_1.16.0/GNU-tools-for-STM32/bin/../lib/gcc/arm-none-eabi/12.3.1/../../../../arm-none-eabi/lib/thumb/v7e-m+fp/hard\libc.a(libc_a-__atexit.o)
 .debug_frame   0x000001e0       0x90 CMakeFiles/smps-controller.dir/Core_PROJECT/src/main.c.obj
 .debug_frame   0x00000270       0x28 CMakeFiles/smps-controller.dir/Core_PROJECT/src/system_it.c.obj
 .debug_frame   0x00000298      0x1ec CMakeFiles/smps-controller.dir/Drivers/STM32_HAL/src/stm32f4xx_hal.c.obj
 .debug_frame   0x00000484      0x1cc CMakeFiles/smps-controller.dir/Drivers/STM32_HAL/src/stm32f4xx_hal_cortex.c.obj
 .debug_frame   0x00000650       0xd8 CMakeFiles/smps-controller.dir/Drivers/STM32_HAL/src/stm32f4xx_hal_gpio.c.obj
 .debug_frame   0x00000728      0x16c CMakeFiles/smps-controller.dir/Drivers/STM32_HAL/src/stm32f4xx_hal_rcc.c.obj
 .debug_frame   0x00000894      0xb1c CMakeFiles/smps-controller.dir/Drivers/STM32_HAL/src/stm32f4xx_hal_tim.c.obj
 .debug_frame   0x000013b0       0x30 CMakeFiles/smps-controller.dir/Drivers/STM32_HAL/src/system_stm32f4xx.c.obj
 .debug_frame   0x000013e0       0x68 CMakeFiles/smps-controller.dir/project_main.c.obj
 .debug_frame   0x00001448       0x2c C:/ST/STM32CubeCLT_1.16.0/GNU-tools-for-STM32/bin/../lib/gcc/arm-none-eabi/12.3.1/thumb/v7e-m+fp/hard\libgcc.a(_aeabi_uldivmod.o)
 .debug_frame   0x00001474       0x34 C:/ST/STM32CubeCLT_1.16.0/GNU-tools-for-STM32/bin/../lib/gcc/arm-none-eabi/12.3.1/thumb/v7e-m+fp/hard\libgcc.a(_udivmoddi4.o)

.debug_info     0x00000000     0x7e7c
 .debug_info    0x00000000      0x5a0 CMakeFiles/smps-controller.dir/Core_PROJECT/src/main.c.obj
 .debug_info    0x000005a0       0x9c CMakeFiles/smps-controller.dir/Core_PROJECT/src/system_it.c.obj
 .debug_info    0x0000063c      0x95d CMakeFiles/smps-controller.dir/Drivers/STM32_HAL/src/stm32f4xx_hal.c.obj
 .debug_info    0x00000f99      0xeeb CMakeFiles/smps-controller.dir/Drivers/STM32_HAL/src/stm32f4xx_hal_cortex.c.obj
 .debug_info    0x00001e84      0x73e CMakeFiles/smps-controller.dir/Drivers/STM32_HAL/src/stm32f4xx_hal_gpio.c.obj
 .debug_info    0x000025c2      0xab5 CMakeFiles/smps-controller.dir/Drivers/STM32_HAL/src/stm32f4xx_hal_rcc.c.obj
 .debug_info    0x00003077     0x3b76 CMakeFiles/smps-controller.dir/Drivers/STM32_HAL/src/stm32f4xx_hal_tim.c.obj
 .debug_info    0x00006bed      0x557 CMakeFiles/smps-controller.dir/Drivers/STM32_HAL/src/system_stm32f4xx.c.obj
 .debug_info    0x00007144       0x30 CMakeFiles/smps-controller.dir/STM32/startup/startup_stm32f401cdux.s.obj
 .debug_info    0x00007174      0xd08 CMakeFiles/smps-controller.dir/project_main.c.obj

.debug_abbrev   0x00000000     0x132f
 .debug_abbrev  0x00000000      0x20c CMakeFiles/smps-controller.dir/Core_PROJECT/src/main.c.obj
 .debug_abbrev  0x0000020c       0x5f CMakeFiles/smps-controller.dir/Core_PROJECT/src/system_it.c.obj
 .debug_abbrev  0x0000026b      0x279 CMakeFiles/smps-controller.dir/Drivers/STM32_HAL/src/stm32f4xx_hal.c.obj
 .debug_abbrev  0x000004e4      0x39d CMakeFiles/smps-controller.dir/Drivers/STM32_HAL/src/stm32f4xx_hal_cortex.c.obj
 .debug_abbrev  0x00000881      0x203 CMakeFiles/smps-controller.dir/Drivers/STM32_HAL/src/stm32f4xx_hal_gpio.c.obj
 .debug_abbrev  0x00000a84      0x2c7 CMakeFiles/smps-controller.dir/Drivers/STM32_HAL/src/stm32f4xx_hal_rcc.c.obj
 .debug_abbrev  0x00000d4b      0x27f CMakeFiles/smps-controller.dir/Drivers/STM32_HAL/src/stm32f4xx_hal_tim.c.obj
 .debug_abbrev  0x00000fca      0x120 CMakeFiles/smps-controller.dir/Drivers/STM32_HAL/src/system_stm32f4xx.c.obj
 .debug_abbrev  0x000010ea       0x24 CMakeFiles/smps-controller.dir/STM32/startup/startup_stm32f401cdux.s.obj
 .debug_abbrev  0x0000110e      0x221 CMakeFiles/smps-controller.dir/project_main.c.obj

.debug_loclists
                0x00000000     0x4040
 .debug_loclists
                0x00000000       0x3a CMakeFiles/smps-controller.dir/Core_PROJECT/src/main.c.obj
 .debug_loclists
                0x0000003a       0xc9 CMakeFiles/smps-controller.dir/Drivers/STM32_HAL/src/stm32f4xx_hal.c.obj
 .debug_loclists
                0x00000103      0x439 CMakeFiles/smps-controller.dir/Drivers/STM32_HAL/src/stm32f4xx_hal_cortex.c.obj
 .debug_loclists
                0x0000053c      0x356 CMakeFiles/smps-controller.dir/Drivers/STM32_HAL/src/stm32f4xx_hal_gpio.c.obj
 .debug_loclists
                0x00000892      0x3a9 CMakeFiles/smps-controller.dir/Drivers/STM32_HAL/src/stm32f4xx_hal_rcc.c.obj
 .debug_loclists
                0x00000c3b     0x332a CMakeFiles/smps-controller.dir/Drivers/STM32_HAL/src/stm32f4xx_hal_tim.c.obj
 .debug_loclists
                0x00003f65       0xdb CMakeFiles/smps-controller.dir/Drivers/STM32_HAL/src/system_stm32f4xx.c.obj

.debug_aranges  0x00000000      0x760
 .debug_aranges
                0x00000000       0x48 CMakeFiles/smps-controller.dir/Core_PROJECT/src/main.c.obj
 .debug_aranges
                0x00000048       0x20 CMakeFiles/smps-controller.dir/Core_PROJECT/src/system_it.c.obj
 .debug_aranges
                0x00000068       0xf0 CMakeFiles/smps-controller.dir/Drivers/STM32_HAL/src/stm32f4xx_hal.c.obj
 .debug_aranges
                0x00000158       0xd8 CMakeFiles/smps-controller.dir/Drivers/STM32_HAL/src/stm32f4xx_hal_cortex.c.obj
 .debug_aranges
                0x00000230       0x58 CMakeFiles/smps-controller.dir/Drivers/STM32_HAL/src/stm32f4xx_hal_gpio.c.obj
 .debug_aranges
                0x00000288       0x88 CMakeFiles/smps-controller.dir/Drivers/STM32_HAL/src/stm32f4xx_hal_rcc.c.obj
 .debug_aranges
                0x00000310      0x3d0 CMakeFiles/smps-controller.dir/Drivers/STM32_HAL/src/stm32f4xx_hal_tim.c.obj
 .debug_aranges
                0x000006e0       0x28 CMakeFiles/smps-controller.dir/Drivers/STM32_HAL/src/system_stm32f4xx.c.obj
 .debug_aranges
                0x00000708       0x28 CMakeFiles/smps-controller.dir/STM32/startup/startup_stm32f401cdux.s.obj
 .debug_aranges
                0x00000730       0x30 CMakeFiles/smps-controller.dir/project_main.c.obj

.debug_rnglists
                0x00000000      0x597
 .debug_rnglists
                0x00000000       0x31 CMakeFiles/smps-controller.dir/Core_PROJECT/src/main.c.obj
 .debug_rnglists
                0x00000031       0x13 CMakeFiles/smps-controller.dir/Core_PROJECT/src/system_it.c.obj
 .debug_rnglists
                0x00000044       0xaf CMakeFiles/smps-controller.dir/Drivers/STM32_HAL/src/stm32f4xx_hal.c.obj
 .debug_rnglists
                0x000000f3       0x9d CMakeFiles/smps-controller.dir/Drivers/STM32_HAL/src/stm32f4xx_hal_cortex.c.obj
 .debug_rnglists
                0x00000190       0x3f CMakeFiles/smps-controller.dir/Drivers/STM32_HAL/src/stm32f4xx_hal_gpio.c.obj
 .debug_rnglists
                0x000001cf       0x75 CMakeFiles/smps-controller.dir/Drivers/STM32_HAL/src/stm32f4xx_hal_rcc.c.obj
 .debug_rnglists
                0x00000244      0x2ff CMakeFiles/smps-controller.dir/Drivers/STM32_HAL/src/stm32f4xx_hal_tim.c.obj
 .debug_rnglists
                0x00000543       0x1a CMakeFiles/smps-controller.dir/Drivers/STM32_HAL/src/system_stm32f4xx.c.obj
 .debug_rnglists
                0x0000055d       0x19 CMakeFiles/smps-controller.dir/STM32/startup/startup_stm32f401cdux.s.obj
 .debug_rnglists
                0x00000576       0x21 CMakeFiles/smps-controller.dir/project_main.c.obj

.debug_macro    0x00000000    0x14d92
 .debug_macro   0x00000000      0x1ce CMakeFiles/smps-controller.dir/Core_PROJECT/src/main.c.obj
 .debug_macro   0x000001ce      0xaae CMakeFiles/smps-controller.dir/Core_PROJECT/src/main.c.obj
 .debug_macro   0x00000c7c      0x295 CMakeFiles/smps-controller.dir/Core_PROJECT/src/main.c.obj
 .debug_macro   0x00000f11       0x2e CMakeFiles/smps-controller.dir/Core_PROJECT/src/main.c.obj
 .debug_macro   0x00000f3f       0x28 CMakeFiles/smps-controller.dir/Core_PROJECT/src/main.c.obj
 .debug_macro   0x00000f67       0x22 CMakeFiles/smps-controller.dir/Core_PROJECT/src/main.c.obj
 .debug_macro   0x00000f89       0x8e CMakeFiles/smps-controller.dir/Core_PROJECT/src/main.c.obj
 .debug_macro   0x00001017       0x51 CMakeFiles/smps-controller.dir/Core_PROJECT/src/main.c.obj
 .debug_macro   0x00001068      0x103 CMakeFiles/smps-controller.dir/Core_PROJECT/src/main.c.obj
 .debug_macro   0x0000116b       0x6a CMakeFiles/smps-controller.dir/Core_PROJECT/src/main.c.obj
 .debug_macro   0x000011d5      0x1df CMakeFiles/smps-controller.dir/Core_PROJECT/src/main.c.obj
 .debug_macro   0x000013b4       0x1c CMakeFiles/smps-controller.dir/Core_PROJECT/src/main.c.obj
 .debug_macro   0x000013d0       0x22 CMakeFiles/smps-controller.dir/Core_PROJECT/src/main.c.obj
 .debug_macro   0x000013f2       0xd9 CMakeFiles/smps-controller.dir/Core_PROJECT/src/main.c.obj
 .debug_macro   0x000014cb     0x102d CMakeFiles/smps-controller.dir/Core_PROJECT/src/main.c.obj
 .debug_macro   0x000024f8      0x11f CMakeFiles/smps-controller.dir/Core_PROJECT/src/main.c.obj
 .debug_macro   0x00002617     0xb86c CMakeFiles/smps-controller.dir/Core_PROJECT/src/main.c.obj
 .debug_macro   0x0000de83       0x6d CMakeFiles/smps-controller.dir/Core_PROJECT/src/main.c.obj
 .debug_macro   0x0000def0     0x367e CMakeFiles/smps-controller.dir/Core_PROJECT/src/main.c.obj
 .debug_macro   0x0001156e      0x189 CMakeFiles/smps-controller.dir/Core_PROJECT/src/main.c.obj
 .debug_macro   0x000116f7       0x5c CMakeFiles/smps-controller.dir/Core_PROJECT/src/main.c.obj
 .debug_macro   0x00011753      0x416 CMakeFiles/smps-controller.dir/Core_PROJECT/src/main.c.obj
 .debug_macro   0x00011b69      0x9fe CMakeFiles/smps-controller.dir/Core_PROJECT/src/main.c.obj
 .debug_macro   0x00012567      0x115 CMakeFiles/smps-controller.dir/Core_PROJECT/src/main.c.obj
 .debug_macro   0x0001267c       0xf8 CMakeFiles/smps-controller.dir/Core_PROJECT/src/main.c.obj
 .debug_macro   0x00012774       0xa5 CMakeFiles/smps-controller.dir/Core_PROJECT/src/main.c.obj
 .debug_macro   0x00012819      0x15f CMakeFiles/smps-controller.dir/Core_PROJECT/src/main.c.obj
 .debug_macro   0x00012978      0x287 CMakeFiles/smps-controller.dir/Core_PROJECT/src/main.c.obj
 .debug_macro   0x00012bff       0x5f CMakeFiles/smps-controller.dir/Core_PROJECT/src/main.c.obj
 .debug_macro   0x00012c5e      0x236 CMakeFiles/smps-controller.dir/Core_PROJECT/src/main.c.obj
 .debug_macro   0x00012e94      0x132 CMakeFiles/smps-controller.dir/Core_PROJECT/src/main.c.obj
 .debug_macro   0x00012fc6      0x264 CMakeFiles/smps-controller.dir/Core_PROJECT/src/main.c.obj
 .debug_macro   0x0001322a       0x2e CMakeFiles/smps-controller.dir/Core_PROJECT/src/main.c.obj
 .debug_macro   0x00013258      0x11a CMakeFiles/smps-controller.dir/Core_PROJECT/src/main.c.obj
 .debug_macro   0x00013372       0x85 CMakeFiles/smps-controller.dir/Core_PROJECT/src/main.c.obj
 .debug_macro   0x000133f7       0x89 CMakeFiles/smps-controller.dir/Core_PROJECT/src/main.c.obj
 .debug_macro   0x00013480      0x8e6 CMakeFiles/smps-controller.dir/Core_PROJECT/src/main.c.obj
 .debug_macro   0x00013d66       0x47 CMakeFiles/smps-controller.dir/Core_PROJECT/src/main.c.obj
 .debug_macro   0x00013dad      0x126 CMakeFiles/smps-controller.dir/Core_PROJECT/src/main.c.obj
 .debug_macro   0x00013ed3      0x1ce CMakeFiles/smps-controller.dir/Core_PROJECT/src/system_it.c.obj
 .debug_macro   0x000140a1      0x224 CMakeFiles/smps-controller.dir/Drivers/STM32_HAL/src/stm32f4xx_hal.c.obj
 .debug_macro   0x000142c5      0x1c4 CMakeFiles/smps-controller.dir/Drivers/STM32_HAL/src/stm32f4xx_hal_cortex.c.obj
 .debug_macro   0x00014489      0x1ca CMakeFiles/smps-controller.dir/Drivers/STM32_HAL/src/stm32f4xx_hal_gpio.c.obj
 .debug_macro   0x00014653      0x1e8 CMakeFiles/smps-controller.dir/Drivers/STM32_HAL/src/stm32f4xx_hal_rcc.c.obj
 .debug_macro   0x0001483b      0x1c5 CMakeFiles/smps-controller.dir/Drivers/STM32_HAL/src/stm32f4xx_hal_tim.c.obj
 .debug_macro   0x00014a00      0x1c4 CMakeFiles/smps-controller.dir/Drivers/STM32_HAL/src/system_stm32f4xx.c.obj
 .debug_macro   0x00014bc4      0x1ce CMakeFiles/smps-controller.dir/project_main.c.obj

.debug_line     0x00000000     0x9c7f
 .debug_line    0x00000000      0x7f3 CMakeFiles/smps-controller.dir/Core_PROJECT/src/main.c.obj
 .debug_line    0x000007f3      0x6ae CMakeFiles/smps-controller.dir/Core_PROJECT/src/system_it.c.obj
 .debug_line    0x00000ea1      0x9b0 CMakeFiles/smps-controller.dir/Drivers/STM32_HAL/src/stm32f4xx_hal.c.obj
 .debug_line    0x00001851      0xc8c CMakeFiles/smps-controller.dir/Drivers/STM32_HAL/src/stm32f4xx_hal_cortex.c.obj
 .debug_line    0x000024dd      0xb38 CMakeFiles/smps-controller.dir/Drivers/STM32_HAL/src/stm32f4xx_hal_gpio.c.obj
 .debug_line    0x00003015      0xf41 CMakeFiles/smps-controller.dir/Drivers/STM32_HAL/src/stm32f4xx_hal_rcc.c.obj
 .debug_line    0x00003f56     0x4dac CMakeFiles/smps-controller.dir/Drivers/STM32_HAL/src/stm32f4xx_hal_tim.c.obj
 .debug_line    0x00008d02      0x724 CMakeFiles/smps-controller.dir/Drivers/STM32_HAL/src/system_stm32f4xx.c.obj
 .debug_line    0x00009426       0x7a CMakeFiles/smps-controller.dir/STM32/startup/startup_stm32f401cdux.s.obj
 .debug_line    0x000094a0      0x7df CMakeFiles/smps-controller.dir/project_main.c.obj

.debug_str      0x00000000    0x86a22
 .debug_str     0x00000000    0x8417f CMakeFiles/smps-controller.dir/Core_PROJECT/src/main.c.obj
                              0x843f8 (size before relaxing)
 .debug_str     0x0008417f       0x7d CMakeFiles/smps-controller.dir/Core_PROJECT/src/system_it.c.obj
                              0x84111 (size before relaxing)
 .debug_str     0x000841fc      0x9fe CMakeFiles/smps-controller.dir/Drivers/STM32_HAL/src/stm32f4xx_hal.c.obj
                              0x84cf1 (size before relaxing)
 .debug_str     0x00084bfa      0x3e3 CMakeFiles/smps-controller.dir/Drivers/STM32_HAL/src/stm32f4xx_hal_cortex.c.obj
                              0x84a12 (size before relaxing)
 .debug_str     0x00084fdd      0x214 CMakeFiles/smps-controller.dir/Drivers/STM32_HAL/src/stm32f4xx_hal_gpio.c.obj
                              0x8444a (size before relaxing)
 .debug_str     0x000851f1      0x2e7 CMakeFiles/smps-controller.dir/Drivers/STM32_HAL/src/stm32f4xx_hal_rcc.c.obj
                              0x84714 (size before relaxing)
 .debug_str     0x000854d8     0x1392 CMakeFiles/smps-controller.dir/Drivers/STM32_HAL/src/stm32f4xx_hal_tim.c.obj
                              0x85637 (size before relaxing)
 .debug_str     0x0008686a       0x98 CMakeFiles/smps-controller.dir/Drivers/STM32_HAL/src/system_stm32f4xx.c.obj
                              0x842e7 (size before relaxing)
 .debug_str     0x00086902       0x86 CMakeFiles/smps-controller.dir/STM32/startup/startup_stm32f401cdux.s.obj
                                 0xd6 (size before relaxing)
 .debug_str     0x00086988       0x9a CMakeFiles/smps-controller.dir/project_main.c.obj
                              0x84982 (size before relaxing)

.comment        0x00000000       0x43
 .comment       0x00000000       0x43 CMakeFiles/smps-controller.dir/Core_PROJECT/src/main.c.obj
                                 0x44 (size before relaxing)
 .comment       0x00000043       0x44 CMakeFiles/smps-controller.dir/Core_PROJECT/src/system_it.c.obj
 .comment       0x00000043       0x44 CMakeFiles/smps-controller.dir/Drivers/STM32_HAL/src/stm32f4xx_hal.c.obj
 .comment       0x00000043       0x44 CMakeFiles/smps-controller.dir/Drivers/STM32_HAL/src/stm32f4xx_hal_cortex.c.obj
 .comment       0x00000043       0x44 CMakeFiles/smps-controller.dir/Drivers/STM32_HAL/src/stm32f4xx_hal_gpio.c.obj
 .comment       0x00000043       0x44 CMakeFiles/smps-controller.dir/Drivers/STM32_HAL/src/stm32f4xx_hal_rcc.c.obj
 .comment       0x00000043       0x44 CMakeFiles/smps-controller.dir/Drivers/STM32_HAL/src/stm32f4xx_hal_tim.c.obj
 .comment       0x00000043       0x44 CMakeFiles/smps-controller.dir/Drivers/STM32_HAL/src/system_stm32f4xx.c.obj
 .comment       0x00000043       0x44 CMakeFiles/smps-controller.dir/project_main.c.obj

.debug_line_str
                0x00000000       0xba
 .debug_line_str
                0x00000000       0xba CMakeFiles/smps-controller.dir/STM32/startup/startup_stm32f401cdux.s.obj
